src/components/admin/CMSManager.tsx(67,3): error TS2304: Cannot find name 'useEffect'.
src/components/admin/PendudukManager.tsx(222,45): error TS2339: Property 'berhasil' does not exist on type 'SmartImportResult'.
src/components/admin/PendudukManager.tsx(222,70): error TS2339: Property 'diperbarui' does not exist on type 'SmartImportResult'.
src/components/admin/PendudukManager.tsx(822,56): error TS2339: Property 'total' does not exist on type 'SmartImportResult'.
src/components/admin/PendudukManager.tsx(823,55): error TS2339: Property 'berhasil' does not exist on type 'SmartImportResult'.
src/components/admin/PendudukManager.tsx(824,61): error TS2339: Property 'diperbarui' does not exist on type 'SmartImportResult'.
src/components/admin/PendudukManager.tsx(825,56): error TS2339: Property 'gagal' does not exist on type 'SmartImportResult'.
src/components/admin/PendudukManager.tsx(833,30): error TS2339: Property 'inferred' does not exist on type 'SmartImportResult'.
src/components/admin/PendudukManager.tsx(835,37): error TS2339: Property 'inferred' does not exist on type 'SmartImportResult'.
src/components/admin/PendudukManager.tsx(839,42): error TS2339: Property 'headerMap' does not exist on type 'SmartImportResult'.
src/components/admin/PendudukManager.tsx(846,51): error TS2339: Property 'headerMap' does not exist on type 'SmartImportResult'.
src/components/admin/PendudukManager.tsx(848,76): error TS2322: Type 'unknown' is not assignable to type 'ReactNode'.
src/components/admin/PendudukManager.tsx(854,30): error TS2339: Property 'unmappedHeaders' does not exist on type 'SmartImportResult'.
src/components/admin/PendudukManager.tsx(856,59): error TS2339: Property 'unmappedHeaders' does not exist on type 'SmartImportResult'.
src/components/admin/PendudukManager.tsx(863,25): error TS2322: Type '{ row: number; message: string; }' is not assignable to type 'ReactNode'.
src/components/admin/TemplateSuratManager.tsx(57,24): error TS2554: Expected 1 arguments, but got 2.
src/components/admin/TemplateSuratManager.tsx(63,26): error TS2554: Expected 1 arguments, but got 2.
src/components/admin/TemplateSuratManager.tsx(74,27): error TS2554: Expected 1 arguments, but got 2.
src/components/admin/TemplateSuratManager.tsx(123,29): error TS2554: Expected 1 arguments, but got 2.
src/lib/content-store.ts(175,37): error TS2345: Argument of type 'string' is not assignable to parameter of type '"penduduk" | "settings" | "users" | "perangkat" | "berita" | "agenda" | "galeri" | "pengumuman" | "apbdes" | "komoditas" | "esurat_records" | "esurat_archive" | "templates" | "audit_log" | "nomor_surat"'.
src/lib/content-store.ts(196,28): error TS2345: Argument of type 'string' is not assignable to parameter of type '"penduduk" | "settings" | "users" | "perangkat" | "berita" | "agenda" | "galeri" | "pengumuman" | "apbdes" | "komoditas" | "esurat_records" | "esurat_archive" | "templates" | "audit_log" | "nomor_surat"'.
src/lib/content-store.ts(198,39): error TS2345: Argument of type 'string' is not assignable to parameter of type '"penduduk" | "settings" | "users" | "perangkat" | "berita" | "agenda" | "galeri" | "pengumuman" | "apbdes" | "komoditas" | "esurat_records" | "esurat_archive" | "templates" | "audit_log" | "nomor_surat"'.
src/lib/content-store.ts(210,20): error TS2345: Argument of type 'string' is not assignable to parameter of type '"penduduk" | "settings" | "users" | "perangkat" | "berita" | "agenda" | "galeri" | "pengumuman" | "apbdes" | "komoditas" | "esurat_records" | "esurat_archive" | "templates" | "audit_log" | "nomor_surat"'.
src/lib/content-store.ts(211,39): error TS2345: Argument of type 'string' is not assignable to parameter of type '"penduduk" | "settings" | "users" | "perangkat" | "berita" | "agenda" | "galeri" | "pengumuman" | "apbdes" | "komoditas" | "esurat_records" | "esurat_archive" | "templates" | "audit_log" | "nomor_surat"'.
src/lib/content-store.ts(225,40): error TS2345: Argument of type 'string' is not assignable to parameter of type '"penduduk" | "settings" | "users" | "perangkat" | "berita" | "agenda" | "galeri" | "pengumuman" | "apbdes" | "komoditas" | "esurat_records" | "esurat_archive" | "templates" | "audit_log" | "nomor_surat"'.
src/lib/content-store.ts(228,20): error TS2345: Argument of type 'string' is not assignable to parameter of type '"penduduk" | "settings" | "users" | "perangkat" | "berita" | "agenda" | "galeri" | "pengumuman" | "apbdes" | "komoditas" | "esurat_records" | "esurat_archive" | "templates" | "audit_log" | "nomor_surat"'.
src/lib/content-store.ts(229,39): error TS2345: Argument of type 'string' is not assignable to parameter of type '"penduduk" | "settings" | "users" | "perangkat" | "berita" | "agenda" | "galeri" | "pengumuman" | "apbdes" | "komoditas" | "esurat_records" | "esurat_archive" | "templates" | "audit_log" | "nomor_surat"'.
src/lib/content-store.ts(243,23): error TS2345: Argument of type 'string' is not assignable to parameter of type '"penduduk" | "settings" | "users" | "perangkat" | "berita" | "agenda" | "galeri" | "pengumuman" | "apbdes" | "komoditas" | "esurat_records" | "esurat_archive" | "templates" | "audit_log" | "nomor_surat"'.
src/lib/content-store.ts(244,39): error TS2345: Argument of type 'string' is not assignable to parameter of type '"penduduk" | "settings" | "users" | "perangkat" | "berita" | "agenda" | "galeri" | "pengumuman" | "apbdes" | "komoditas" | "esurat_records" | "esurat_archive" | "templates" | "audit_log" | "nomor_surat"'.
src/lib/content-store.ts(256,42): error TS2345: Argument of type 'string' is not assignable to parameter of type '"penduduk" | "settings" | "users" | "perangkat" | "berita" | "agenda" | "galeri" | "pengumuman" | "apbdes" | "komoditas" | "esurat_records" | "esurat_archive" | "templates" | "audit_log" | "nomor_surat"'.
src/lib/content-store.ts(259,24): error TS2345: Argument of type 'string' is not assignable to parameter of type '"penduduk" | "settings" | "users" | "perangkat" | "berita" | "agenda" | "galeri" | "pengumuman" | "apbdes" | "komoditas" | "esurat_records" | "esurat_archive" | "templates" | "audit_log" | "nomor_surat"'.
src/lib/smart-import.ts(8,10): error TS2305: Module '"./utils"' has no exported member 'normalizeNIK'.
src/lib/smart-import.ts(8,24): error TS2305: Module '"./utils"' has no exported member 'normalizeJK'.
src/lib/smart-import.ts(8,37): error TS2305: Module '"./utils"' has no exported member 'normalizeDate'.
src/lib/smart-import.ts(8,52): error TS2305: Module '"./utils"' has no exported member 'normalizeNoHP'.
src/lib/smart-import.ts(111,67): error TS2820: Type '"Laki-laki"' is not assignable to type '"Laki-Laki" | "Perempuan"'. Did you mean '"Laki-Laki"'?
src/lib/smart-import.ts(113,3): error TS2820: Type '"Laki-laki"' is not assignable to type '"Laki-Laki" | "Perempuan"'. Did you mean '"Laki-Laki"'?
src/lib/smart-import.ts(239,5): error TS2353: Object literal may only specify known properties, and 'status_nikah' does not exist in type 'Penduduk'.
src/pages/Admin.tsx(437,29): error TS2367: This comparison appears to be unintentional because the types '"settings"' and '"audit"' have no overlap.
src/pages/Admin.tsx(645,27): error TS2367: This comparison appears to be unintentional because the types '"penduduk" | "settings" | "templates" | "dashboard" | "monitoring" | "archive" | "konten"' and '"audit"' have no overlap.
src/pages/Admin.tsx(646,42): error TS2345: Argument of type '"audit"' is not assignable to parameter of type 'SetStateAction<"penduduk" | "settings" | "templates" | "dashboard" | "monitoring" | "archive" | "konten">'.
src/pages/Admin.tsx(667,14): error TS2304: Cannot find name 'CMSManager'.
src/pages/Admin.tsx(676,11): error TS2367: This comparison appears to be unintentional because the types '"penduduk" | "settings" | "templates" | "dashboard" | "monitoring" | "archive"' and '"audit"' have no overlap.
src/routes/informasi.agenda.tsx(322,33): error TS2322: Type 'import("D:/seruni-mumbul/src/lib/content-store").AgendaItem[]' is not assignable to type 'AgendaItem[]'.
  Type 'import("D:/seruni-mumbul/src/lib/content-store").AgendaItem' is not assignable to type 'AgendaItem'.
    Types of property 'id' are incompatible.
      Type 'string' is not assignable to type 'number'.
src/routes/informasi.agenda.tsx(376,47): error TS2322: Type 'import("D:/seruni-mumbul/src/lib/content-store").AgendaItem' is not assignable to type 'AgendaItem'.
  Types of property 'id' are incompatible.
    Type 'string' is not assignable to type 'number'.
src/routes/laporan.apbdes.tsx(458,16): error TS2304: Cannot find name 'REALISASI_2026'.
src/routes/laporan.apbdes.tsx(474,16): error TS2304: Cannot find name 'REALISASI_2026'.
src/routes/laporan.apbdes.tsx(532,25): error TS2339: Property 'tahun' does not exist on type '{}'.
src/routes/laporan.apbdes.tsx(533,26): error TS2339: Property 'status' does not exist on type '{}'.
src/routes/laporan.apbdes.tsx(534,36): error TS2339: Property 'pendapatan' does not exist on type '{}'.
src/routes/laporan.apbdes.tsx(535,33): error TS2339: Property 'belanja' does not exist on type '{}'.
src/routes/laporan.apbdes.tsx(536,36): error TS2339: Property 'pembiayaan' does not exist on type '{}'.
src/routes/laporan.apbdes.tsx(537,24): error TS2339: Property 'pembiayaan' does not exist on type '{}'.
src/routes/laporan.apbdes.tsx(541,37): error TS2339: Property 'pendapatan' does not exist on type '{}'.
src/routes/laporan.apbdes.tsx(542,34): error TS2339: Property 'belanja' does not exist on type '{}'.
src/routes/laporan.apbdes.tsx(545,30): error TS2339: Property 'pendapatan' does not exist on type '{}'.
src/routes/laporan.apbdes.tsx(546,27): error TS2339: Property 'belanja' does not exist on type '{}'.
src/routes/laporan.apbdes.tsx(549,36): error TS2339: Property 'history' does not exist on type '{}'.
src/routes/laporan.apbdes.tsx(555,5): error TS2345: Argument of type 'unknown' is not assignable to parameter of type 'number'.
src/routes/laporan.apbdes.tsx(555,65): error TS18046: 'v' is of type 'unknown'.
